// Jest Snapshot v1, https://goo.gl/fbAQLP

exports[`Verify live endpoint should return the live callsheet 1`] = `
{
  "activationTimestamp": "2023-10-29T21:07:15.333+01:00",
  "activeCallSheet": "17-11-2023__resKL__Fortuna-Delta Logistiek - Blauw-Wit.json",
  "activeItem": 1,
  "callsheet": {
    "matchInfo": {
      "date": "17-11-2023",
      "league": "resKL",
      "startTime": "13:30",
      "title": "Fortuna/Delta Logistiek - Blauw/Wit",
    },
    "schedule": {
      "activeItem": null,
      "items": [
        {
          "durationInMinutes": 15,
          "id": 1,
          "timeEnd": "13:10",
          "timeStart": "12:55",
          "title": "Laatste checks",
        },
        {
          "durationInMinutes": 0.5,
          "id": 2,
          "timeEnd": "13:11",
          "timeStart": "13:10",
          "title": "Intro livestream",
        },
        {
          "durationInMinutes": 1,
          "id": 3,
          "timeEnd": "13:12",
          "timeStart": "13:11",
          "title": "Welkom livestream",
        },
        {
          "durationInMinutes": 2,
          "id": 4,
          "timeEnd": "13:14",
          "timeStart": "13:12",
          "title": "Reclames/wedstrijdsponsor",
        },
        {
          "durationInMinutes": 3,
          "id": 5,
          "timeEnd": "13:17",
          "timeStart": "13:14",
          "title": "Interview",
        },
        {
          "durationInMinutes": 3,
          "id": 6,
          "timeEnd": "13:20",
          "timeStart": "13:17",
          "title": "Interview",
        },
        {
          "durationInMinutes": 6,
          "id": 7,
          "timeEnd": "13:26",
          "timeStart": "13:20",
          "title": "Voorbeschouwing, stand, opstelling ploegen in beeld",
        },
        {
          "durationInMinutes": 3,
          "id": 8,
          "timeEnd": "13:29",
          "timeStart": "13:26",
          "title": "Sfeerbeelden vooraf wedstrijd, intro door commentatoren",
        },
        {
          "durationInMinutes": 1,
          "id": 9,
          "timeEnd": "13:30",
          "timeStart": "13:29",
          "title": "Wedstrijdsponsor",
        },
        {
          "durationInMinutes": 0,
          "id": 10,
          "timeEnd": "13:30",
          "timeStart": "13:30",
          "title": "Signaal naar juryvoorzitter/scheidsrechter begin wedstrijd",
        },
        {
          "durationInMinutes": 35,
          "id": 11,
          "timeEnd": "14:05",
          "timeStart": "13:30",
          "title": "1e helft",
        },
        {
          "durationInMinutes": 2,
          "id": 12,
          "timeEnd": "14:07",
          "timeStart": "14:05",
          "title": "Reclames/wedstrijdsponsor",
        },
        {
          "durationInMinutes": 10,
          "id": 13,
          "timeEnd": "14:17",
          "timeStart": "14:07",
          "title": "Analyse + (eventueel replay van acties)",
        },
        {
          "durationInMinutes": 1,
          "id": 14,
          "timeEnd": "14:18",
          "timeStart": "14:17",
          "title": "Reclames/wedstrijdsponsor",
        },
        {
          "durationInMinutes": 3,
          "id": 15,
          "timeEnd": "14:21",
          "timeStart": "14:18",
          "title": "Statistieken + commentaar",
        },
        {
          "durationInMinutes": 35,
          "id": 16,
          "timeEnd": "14:56",
          "timeStart": "14:21",
          "title": "2e helft",
        },
        {
          "durationInMinutes": 2,
          "id": 17,
          "timeEnd": "14:58",
          "timeStart": "14:56",
          "title": "Statistieken + commentaar + sfeerbeelden na wedstrijd.",
        },
        {
          "durationInMinutes": 3,
          "id": 18,
          "timeEnd": "15:01",
          "timeStart": "14:58",
          "title": "Analyse + (eventueel replay van acties)",
        },
        {
          "durationInMinutes": 0.5,
          "id": 19,
          "timeEnd": "15:01",
          "timeStart": "15:01",
          "title": "Reclames/wedstrijdsponsor",
        },
        {
          "durationInMinutes": 3,
          "id": 20,
          "timeEnd": "15:04",
          "timeStart": "15:01",
          "title": "Interview",
        },
        {
          "durationInMinutes": 0.5,
          "id": 21,
          "timeEnd": "15:05",
          "timeStart": "15:04",
          "title": "Reclames/wedstrijdsponsor",
        },
        {
          "durationInMinutes": 3,
          "id": 22,
          "timeEnd": "15:08",
          "timeStart": "15:05",
          "title": "Interview",
        },
        {
          "durationInMinutes": 0.5,
          "id": 23,
          "timeEnd": "15:08",
          "timeStart": "15:08",
          "title": "Reclames/wedstrijdsponsor",
        },
        {
          "durationInMinutes": 2,
          "id": 24,
          "timeEnd": "15:10",
          "timeStart": "15:08",
          "title": "Reactie op interviews, uitslagen, standen en volgende wedstrijd",
        },
        {
          "durationInMinutes": 2,
          "id": 25,
          "timeEnd": "15:12",
          "timeStart": "15:10",
          "title": "Highlights wedstrijd",
        },
        {
          "durationInMinutes": 1,
          "id": 26,
          "timeEnd": "15:13",
          "timeStart": "15:12",
          "title": "Credits crew en outro livestream",
        },
      ],
    },
  },
}
`;
